// Jest Snapshot v1, https://goo.gl/fbAQLP

exports[`Button-1 1`] = `
<button>
  Order 🍕
</button>
`;
