// Jest Snapshot v1, https://goo.gl/fbAQLP

exports[`Button-5 1`] = `
<button
  className="bui-button bui-button--destructive"
  type="button"
>
  <span
    className="bui-button__text"
  >
    Book now
  </span>
</button>
`;
