// Jest Snapshot v1, https://goo.gl/fbAQLP

exports[`Button-9 1`] = `
<button
  className="bui-button bui-button--primary bui-button--wide"
  type="button"
>
  <span
    className="bui-button__text"
  >
    Book now
  </span>
</button>
`;
